[INFO] Scanning for projects...
[INFO] Inspecting build with total of 3 modules...
[INFO] Not installing Nexus Staging features:
[INFO]  * Preexisting staging related goal bindings found in 3 modules.
[INFO] ------------------------------------------------------------------------
[INFO] Reactor Build Order:
[INFO] 
[INFO] Core : SLEE : Services Sbbs                                        [jar]
[INFO] Core : Bootstrap                                                   [jar]
[INFO] Core : Bootstrap-Wildfly                                           [jar]
[INFO] 
[INFO] ----------------------< org.mobicents.gmlc:sbbs >-----------------------
[INFO] Building Core : SLEE : Services Sbbs 6.0.2-SNAPSHOT                [1/3]
[INFO]   from pom.xml
[INFO] --------------------------------[ jar ]---------------------------------
[WARNING] Parameter 'ignoreDependencycompileErrors' is unknown for plugin 'maven-bundle-plugin:5.1.9:manifest (bundle-manifest)'
[INFO] 
[INFO] --- resources:3.3.1:resources (default-resources) @ sbbs ---
[INFO] Copying 6 resources from src\main\resources to target\classes
[INFO] 
[INFO] --- compiler:3.13.0:compile (default-compile) @ sbbs ---
[INFO] Nothing to compile - all classes are up to date.
[INFO] 
[INFO] --- bundle:5.1.9:manifest (bundle-manifest) @ sbbs ---
[INFO] Writing manifest: C:\Users\Windows\Desktop\ethiopia-working-dir\gmlc\core\slee\services\sbbs\target\classes\META-INF\MANIFEST.MF
[INFO] 
[INFO] --- resources:3.3.1:testResources (default-testResources) @ sbbs ---
[INFO] skip non existing resourceDirectory C:\Users\Windows\Desktop\ethiopia-working-dir\gmlc\core\slee\services\sbbs\src\test\resources
[INFO] 
[INFO] --- compiler:3.13.0:testCompile (default-testCompile) @ sbbs ---
[INFO] No sources to compile
[INFO] 
[INFO] --- surefire:3.2.5:test (default-test) @ sbbs ---
[INFO] No tests to run.
[INFO] 
[INFO] --------------------< org.mobicents.gmlc:bootstrap >--------------------
[INFO] Building Core : Bootstrap 6.0.2-SNAPSHOT                           [2/3]
[INFO]   from C:\Users\Windows\Desktop\ethiopia-working-dir\gmlc\core\bootstrap\pom.xml
[INFO] --------------------------------[ jar ]---------------------------------
[WARNING] Parameter 'ignoreDependencycompileErrors' is unknown for plugin 'maven-bundle-plugin:5.1.9:manifest (bundle-manifest)'
[INFO] 
[INFO] --- resources:3.3.1:resources (default-resources) @ bootstrap ---
[INFO] Copying 1 resource from src\main\resources to target\classes
[INFO] The encoding used to copy filtered properties files have not been set. This means that the same encoding will be used to copy filtered properties files as when copying other filtered resources. This might not be what you want! Run your build with --debug to see which files might be affected. Read more at https://maven.apache.org/plugins/maven-resources-plugin/examples/filtering-properties-files.html
[INFO] 
[INFO] --- compiler:3.13.0:compile (default-compile) @ bootstrap ---
[INFO] Nothing to compile - all classes are up to date.
[INFO] 
[INFO] --- bundle:5.1.9:manifest (bundle-manifest) @ bootstrap ---
[INFO] Writing manifest: C:\Users\Windows\Desktop\ethiopia-working-dir\gmlc\core\bootstrap\target\classes\META-INF\MANIFEST.MF
[INFO] 
[INFO] --- resources:3.3.1:testResources (default-testResources) @ bootstrap ---
[INFO] skip non existing resourceDirectory C:\Users\Windows\Desktop\ethiopia-working-dir\gmlc\core\bootstrap\src\test\resources
[INFO] 
[INFO] --- compiler:3.13.0:testCompile (default-testCompile) @ bootstrap ---
[INFO] No sources to compile
[INFO] 
[INFO] --- surefire:3.2.5:test (default-test) @ bootstrap ---
[INFO] No tests to run.
[INFO] 
[INFO] ----------------< org.mobicents.gmlc:bootstrap-wildfly >----------------
[INFO] Building Core : Bootstrap-Wildfly 6.0.2-SNAPSHOT                   [3/3]
[INFO]   from C:\Users\Windows\Desktop\ethiopia-working-dir\gmlc\core\bootstrap-wildfly\pom.xml
[INFO] --------------------------------[ jar ]---------------------------------
[WARNING] Parameter 'ignoreDependencycompileErrors' is unknown for plugin 'maven-bundle-plugin:5.1.9:manifest (bundle-manifest)'
[INFO] 
[INFO] --- resources:3.3.1:resources (default-resources) @ bootstrap-wildfly ---
[INFO] Copying 3 resources from src\main\resources to target\classes
[INFO] 
[INFO] --- compiler:3.13.0:compile (default-compile) @ bootstrap-wildfly ---
[INFO] Nothing to compile - all classes are up to date.
[INFO] 
[INFO] --- bundle:5.1.9:manifest (bundle-manifest) @ bootstrap-wildfly ---
[INFO] Writing manifest: C:\Users\Windows\Desktop\ethiopia-working-dir\gmlc\core\bootstrap-wildfly\target\classes\META-INF\MANIFEST.MF
[INFO] 
[INFO] --- resources:3.3.1:testResources (default-testResources) @ bootstrap-wildfly ---
[INFO] skip non existing resourceDirectory C:\Users\Windows\Desktop\ethiopia-working-dir\gmlc\core\bootstrap-wildfly\src\test\resources
[INFO] 
[INFO] --- compiler:3.13.0:testCompile (default-testCompile) @ bootstrap-wildfly ---
[INFO] No sources to compile
[INFO] 
[INFO] --- surefire:3.2.5:test (default-test) @ bootstrap-wildfly ---
[INFO] No tests to run.
[INFO] ------------------------------------------------------------------------
[INFO] Reactor Summary for Core : SLEE : Services Sbbs 6.0.2-SNAPSHOT:
[INFO] 
[INFO] Core : SLEE : Services Sbbs ........................ SUCCESS [  9.822 s]
[INFO] Core : Bootstrap ................................... SUCCESS [  0.670 s]
[INFO] Core : Bootstrap-Wildfly ........................... SUCCESS [  2.204 s]
[INFO] ------------------------------------------------------------------------
[INFO] BUILD SUCCESS
[INFO] ------------------------------------------------------------------------
[INFO] Total time:  14.771 s
[INFO] Finished at: 2026-04-10T18:19:50+07:00
[INFO] ------------------------------------------------------------------------
